[backblue.gif]
[fade.gif]
[index.html]
[labartisan.net/demo/kitton/assets/images/favicon.png]
[labartisan.net/demo/kitton/assets/images/logo/logo.png]
[labartisan.net/demo/kitton/assets/images/shop/shop01.png]
[labartisan.net/demo/kitton/assets/images/shop/shop02.png]
[labartisan.net/demo/kitton/assets/images/shop/shop03.png]
[labartisan.net/demo/kitton/assets/images/shop/shop04.png]
[labartisan.net/demo/kitton/assets/images/shop/shop05.png]
[labartisan.net/demo/kitton/assets/images/banner/banner02.jpg]
[labartisan.net/demo/kitton/assets/images/banner/banner04.png]
[labartisan.net/demo/kitton/assets/images/banner/banner03.png]
[labartisan.net/demo/kitton/assets/css/img/gallery1.png]
[labartisan.net/demo/kitton/assets/css/img/bottom-shape.png]
[labartisan.net/demo/kitton/assets/images/feature/01.png]
[labartisan.net/demo/kitton/assets/images/feature/02.png]
[labartisan.net/demo/kitton/assets/images/feature/03.png]
[labartisan.net/demo/kitton/assets/images/feature/04.png]
[labartisan.net/demo/kitton/assets/images/about/about02.png]
[labartisan.net/demo/kitton/assets/images/about/quote.png]
[labartisan.net/demo/kitton/assets/images/counter/counter-bg.jpg]
[labartisan.net/demo/kitton/assets/images/counter/counter4.png]
[labartisan.net/demo/kitton/assets/images/counter/counter5.png]
[labartisan.net/demo/kitton/assets/images/counter/counter6.png]
[labartisan.net/demo/kitton/assets/images/counter/counter7.png]
[labartisan.net/demo/kitton/assets/images/class/class04.jpg]
[labartisan.net/demo/kitton/assets/images/class/teacher02.jpg]
[labartisan.net/demo/kitton/assets/images/class/class05.jpg]
[labartisan.net/demo/kitton/assets/images/class/teacher01.jpg]
[labartisan.net/demo/kitton/assets/images/class/class06.jpg]
[labartisan.net/demo/kitton/assets/images/class/teacher03.jpg]
[labartisan.net/demo/kitton/assets/images/class/class01.jpg]
[labartisan.net/demo/kitton/assets/images/class/class02.jpg]
[labartisan.net/demo/kitton/assets/images/class/class03.jpg]
[labartisan.net/demo/kitton/assets/images/bg/call-bg.jpg]
[labartisan.net/demo/kitton/assets/images/teacher/teacher05.jpg]
[labartisan.net/demo/kitton/assets/images/teacher/teacher06.jpg]
[labartisan.net/demo/kitton/assets/images/teacher/teacher07.jpg]
[labartisan.net/demo/kitton/assets/images/teacher/teacher08.jpg]
[labartisan.net/demo/kitton/assets/images/blog/blog01.jpg]
[labartisan.net/demo/kitton/assets/images/blog/blog02.jpg]
[labartisan.net/demo/kitton/assets/images/blog/blog03.jpg]
[labartisan.net/demo/kitton/assets/images/contact/01.png]
[labartisan.net/demo/kitton/assets/images/contact/02.png]
[labartisan.net/demo/kitton/assets/images/contact/03.png]
[labartisan.net/demo/kitton/assets/images/contact/04.png]
[labartisan.net/demo/kitton/assets/images/footer/footer-bg.jpg]
[labartisan.net/demo/kitton/assets/images/footer/blog1.png]
[labartisan.net/demo/kitton/assets/images/footer/blog2.png]
[labartisan.net/demo/kitton/assets/js/jquery.js]
[labartisan.net/demo/kitton/assets/js/modernizr-3.6.0.min.js]
[labartisan.net/demo/kitton/assets/js/plugins.js]
[labartisan.net/demo/kitton/assets/js/bootstrap.bundle.min.js]
[labartisan.net/demo/kitton/assets/js/progress.js]
[labartisan.net/demo/kitton/assets/js/isotope.pkgd.min.js]
[labartisan.net/demo/kitton/assets/js/magnific-popup.min.js]
[labartisan.net/demo/kitton/assets/js/wow.min.js]
[labartisan.net/demo/kitton/assets/js/viewport.jquery.js]
[labartisan.net/demo/kitton/assets/js/odometer.min.js]
[labartisan.net/demo/kitton/assets/js/nice-select.js]
[labartisan.net/demo/kitton/assets/js/slick.min.js]
[labartisan.net/demo/kitton/assets/js/map.js]
[labartisan.net/demo/kitton/assets/js/main.js]
[labartisan.net/demo/kitton/index-2.html]
[labartisan.net/demo/kitton/assets/css/bootstrap.min.css]
[labartisan.net/demo/kitton/assets/webfonts/fa-brands-400.eot]
[labartisan.net/demo/kitton/assets/webfonts/fa-brands-400d41d.eot]
[labartisan.net/demo/kitton/assets/webfonts/fa-brands-400.woff2]
[labartisan.net/demo/kitton/assets/webfonts/fa-brands-400.woff]
[labartisan.net/demo/kitton/assets/webfonts/fa-brands-400.ttf]
[labartisan.net/demo/kitton/assets/webfonts/fa-regular-400.eot]
[labartisan.net/demo/kitton/assets/webfonts/fa-regular-400d41d.eot]
[labartisan.net/demo/kitton/assets/webfonts/fa-regular-400.woff2]
[labartisan.net/demo/kitton/assets/webfonts/fa-regular-400.woff]
[labartisan.net/demo/kitton/assets/webfonts/fa-regular-400.ttf]
[labartisan.net/demo/kitton/assets/webfonts/fa-solid-900.eot]
[labartisan.net/demo/kitton/assets/webfonts/fa-solid-900d41d.eot]
[labartisan.net/demo/kitton/assets/webfonts/fa-solid-900.woff2]
[labartisan.net/demo/kitton/assets/webfonts/fa-solid-900.woff]
[labartisan.net/demo/kitton/assets/webfonts/fa-solid-900.ttf]
[labartisan.net/demo/kitton/assets/css/all.min.css]
[labartisan.net/demo/kitton/assets/css/animate.css]
[labartisan.net/demo/kitton/assets/css/nice-select.css]
[labartisan.net/demo/kitton/assets/css/slick.css]
[labartisan.net/demo/kitton/assets/css/ajax-loader.gif]
[labartisan.net/demo/kitton/assets/css/slick-theme.css]
[labartisan.net/demo/kitton/assets/css/odometer.css]
[labartisan.net/demo/kitton/assets/css/magnific-popup.css]
[labartisan.net/demo/kitton/assets/css/Flaticon.eot]
[labartisan.net/demo/kitton/assets/css/Flaticond41d.eot]
[labartisan.net/demo/kitton/assets/css/Flaticon.woff2]
[labartisan.net/demo/kitton/assets/css/Flaticon.woff]
[labartisan.net/demo/kitton/assets/css/Flaticon.ttf]
[labartisan.net/demo/kitton/assets/css/flaticon.css]
[labartisan.net/demo/kitton/assets/css/img/facility-shape.png]
[labartisan.net/demo/kitton/assets/css/img/quote.png]
[labartisan.net/demo/kitton/assets/css/img/shape1.png]
[labartisan.net/demo/kitton/assets/css/img/shadow.png]
[labartisan.net/demo/kitton/assets/css/img/shape2.png]
[labartisan.net/demo/kitton/assets/css/img/shape3.png]
[labartisan.net/demo/kitton/assets/css/img/shape4.png]
[labartisan.net/demo/kitton/assets/css/img/quote2.png]
[labartisan.net/demo/kitton/assets/css/main.css]
[labartisan.net/demo/kitton/assets/images/banner/banner01.png]
[labartisan.net/demo/kitton/assets/images/about/about01.jpg]
[labartisan.net/demo/kitton/assets/images/about/icon01.png]
[labartisan.net/demo/kitton/assets/images/about/icon02.png]
[labartisan.net/demo/kitton/assets/images/about/icon03.png]
[labartisan.net/demo/kitton/assets/images/about/icon04.png]
[labartisan.net/demo/kitton/assets/images/about/call.png]
[labartisan.net/demo/kitton/assets/images/about/sign.png]
[labartisan.net/demo/kitton/assets/images/counter/counter1.png]
[labartisan.net/demo/kitton/assets/images/counter/counter2.png]
[labartisan.net/demo/kitton/assets/images/counter/counter3.png]
[labartisan.net/demo/kitton/assets/images/facilities/facility-bg2.jpg]
[labartisan.net/demo/kitton/assets/images/facilities/facility1.png]
[labartisan.net/demo/kitton/assets/images/facilities/facility2.png]
[labartisan.net/demo/kitton/assets/images/facilities/facility3.png]
[labartisan.net/demo/kitton/assets/images/facilities/facility4.png]
[labartisan.net/demo/kitton/assets/images/facilities/facility5.png]
[labartisan.net/demo/kitton/assets/images/facilities/facility6.png]
[labartisan.net/demo/kitton/assets/images/facilities/facility-bg.jpg]
[labartisan.net/demo/kitton/assets/images/gallery/gallery1.jpg]
[labartisan.net/demo/kitton/assets/images/gallery/gallery2.jpg]
[labartisan.net/demo/kitton/assets/images/gallery/gallery3.jpg]
[labartisan.net/demo/kitton/assets/images/gallery/gallery4.jpg]
[labartisan.net/demo/kitton/assets/images/gallery/gallery5.jpg]
[labartisan.net/demo/kitton/assets/images/gallery/gallery6.jpg]
[labartisan.net/demo/kitton/assets/images/teacher/teacher-bg.jpg]
[labartisan.net/demo/kitton/assets/images/teacher/teacher01.jpg]
[labartisan.net/demo/kitton/assets/images/teacher/teacher02.jpg]
[labartisan.net/demo/kitton/assets/images/teacher/teacher03.jpg]
[labartisan.net/demo/kitton/assets/images/teacher/teacher04.jpg]
[labartisan.net/demo/kitton/assets/images/schedule/monday.png]
[labartisan.net/demo/kitton/assets/images/schedule/tuesday.png]
[labartisan.net/demo/kitton/assets/images/schedule/wednesday.png]
[labartisan.net/demo/kitton/assets/images/schedule/thursday.png]
[labartisan.net/demo/kitton/assets/images/schedule/friday.png]
[labartisan.net/demo/kitton/assets/images/schedule/saturday.png]
[labartisan.net/demo/kitton/assets/images/client/client-bg.jpg]
[labartisan.net/demo/kitton/assets/images/client/client1.png]
[labartisan.net/demo/kitton/assets/images/client/logo2.png]
[labartisan.net/demo/kitton/assets/images/client/client2.png]
[labartisan.net/demo/kitton/assets/images/client/logo1.png]
[labartisan.net/demo/kitton/index.html]
[labartisan.net/demo/kitton/assets/images/banner/slider/01.jpg]
[labartisan.net/demo/kitton/assets/images/banner/slider/02.jpg]
[labartisan.net/demo/kitton/assets/images/banner/slider/03.jpg]
[labartisan.net/demo/kitton/index-3.html]
[labartisan.net/demo/kitton/assets/images/banner/page-header.jpg]
[labartisan.net/demo/kitton/assets/images/about/about03.png]
[labartisan.net/demo/kitton/about.html]
[labartisan.net/demo/kitton/assets/images/class/class07.jpg]
[labartisan.net/demo/kitton/assets/images/class/class08.jpg]
[labartisan.net/demo/kitton/assets/images/class/class09.jpg]
[labartisan.net/demo/kitton/classes.html]
[labartisan.net/demo/kitton/assets/images/class/single1.jpg]
[labartisan.net/demo/kitton/assets/images/class/single2.jpg]
[labartisan.net/demo/kitton/assets/images/blog/side1.jpg]
[labartisan.net/demo/kitton/assets/images/blog/side2.jpg]
[labartisan.net/demo/kitton/assets/images/blog/side3.jpg]
[labartisan.net/demo/kitton/assets/images/blog/side4.jpg]
[labartisan.net/demo/kitton/assets/images/gallery/gallery7.jpg]
[labartisan.net/demo/kitton/assets/images/gallery/gallery8.jpg]
[labartisan.net/demo/kitton/assets/images/gallery/gallery9.jpg]
[labartisan.net/demo/kitton/assets/images/gallery/gallery10.jpg]
[labartisan.net/demo/kitton/assets/images/gallery/gallery11.jpg]
[labartisan.net/demo/kitton/assets/images/gallery/gallery12.jpg]
[labartisan.net/demo/kitton/class-single.html]
[labartisan.net/demo/kitton/class-schedule.html]
[labartisan.net/demo/kitton/assets/images/blog/blog04.jpg]
[labartisan.net/demo/kitton/assets/images/blog/blog05.jpg]
[labartisan.net/demo/kitton/assets/images/blog/blog06.jpg]
[labartisan.net/demo/kitton/assets/images/blog/blog07.jpg]
[labartisan.net/demo/kitton/assets/images/blog/blog08.jpg]
[labartisan.net/demo/kitton/assets/images/blog/blog09.jpg]
[labartisan.net/demo/kitton/blog-grid.html]
[labartisan.net/demo/kitton/assets/images/blog/blog11.jpg]
[labartisan.net/demo/kitton/assets/images/blog/blog13.jpg]
[labartisan.net/demo/kitton/assets/images/blog/blog12.jpg]
[labartisan.net/demo/kitton/blog-classic.html]
[labartisan.net/demo/kitton/assets/images/blog/blog15.jpg]
[labartisan.net/demo/kitton/assets/images/blog/blog14.jpg]
[labartisan.net/demo/kitton/assets/images/blog/blog16.jpg]
[labartisan.net/demo/kitton/assets/images/blog/author.jpg]
[labartisan.net/demo/kitton/assets/images/blog/author1.jpg]
[labartisan.net/demo/kitton/assets/images/blog/author2.jpg]
[labartisan.net/demo/kitton/blog-single.html]
[labartisan.net/demo/kitton/teacher.html]
[labartisan.net/demo/kitton/assets/images/teacher/teacher-single.jpg]
[labartisan.net/demo/kitton/assets/images/teacher/01.png]
[labartisan.net/demo/kitton/assets/images/teacher/02.png]
[labartisan.net/demo/kitton/assets/images/teacher/03.png]
[labartisan.net/demo/kitton/teacher-single.html]
[labartisan.net/demo/kitton/login.html]
[labartisan.net/demo/kitton/registration.html]
[labartisan.net/demo/kitton/assets/images/events/events01.jpg]
[labartisan.net/demo/kitton/assets/images/events/events02.jpg]
[labartisan.net/demo/kitton/assets/images/events/events05.jpg]
[labartisan.net/demo/kitton/assets/images/events/events06.jpg]
[labartisan.net/demo/kitton/assets/images/events/events04.jpg]
[labartisan.net/demo/kitton/assets/images/events/events07.jpg]
[labartisan.net/demo/kitton/assets/images/events/events03.jpg]
[labartisan.net/demo/kitton/assets/images/events/events08.jpg]
[labartisan.net/demo/kitton/assets/images/events/events09.jpg]
[labartisan.net/demo/kitton/events.html]
[labartisan.net/demo/kitton/assets/images/events/events-single.jpg]
[labartisan.net/demo/kitton/assets/js/countdown.min.js]
[labartisan.net/demo/kitton/events-single.html]
[labartisan.net/demo/kitton/assets/images/shop/01.png]
[labartisan.net/demo/kitton/assets/images/shop/02.png]
[labartisan.net/demo/kitton/assets/images/shop/03.png]
[labartisan.net/demo/kitton/assets/images/shop/04.png]
[labartisan.net/demo/kitton/assets/images/shop/05.png]
[labartisan.net/demo/kitton/assets/images/shop/06.png]
[labartisan.net/demo/kitton/assets/images/shop/07.png]
[labartisan.net/demo/kitton/assets/images/shop/08.png]
[labartisan.net/demo/kitton/assets/images/shop/09.png]
[labartisan.net/demo/kitton/assets/images/shop/01.jpg]
[labartisan.net/demo/kitton/assets/images/shop/02.jpg]
[labartisan.net/demo/kitton/assets/images/shop/03.jpg]
[labartisan.net/demo/kitton/assets/images/shop/04.jpg]
[labartisan.net/demo/kitton/assets/images/shop/05.jpg]
[labartisan.net/demo/kitton/assets/images/shop/06.jpg]
[labartisan.net/demo/kitton/assets/images/shop/07.jpg]
[labartisan.net/demo/kitton/assets/images/shop/08.jpg]
[labartisan.net/demo/kitton/assets/images/shop/09.jpg]
[labartisan.net/demo/kitton/shop.html]
[labartisan.net/demo/kitton/assets/images/shop/10.png]
[labartisan.net/demo/kitton/assets/images/shop/11.png]
[labartisan.net/demo/kitton/assets/images/shop/12.png]
[labartisan.net/demo/kitton/assets/images/shop/13.png]
[labartisan.net/demo/kitton/assets/images/shop/review-icon-four.png]
[labartisan.net/demo/kitton/assets/images/shop/review-icon-one.png]
[labartisan.net/demo/kitton/assets/images/shop/review-icon-two.png]
[labartisan.net/demo/kitton/assets/images/shop/review-icon-three.png]
[labartisan.net/demo/kitton/assets/images/shop/rev.jpg]
[labartisan.net/demo/kitton/shop-single.html]
[labartisan.net/demo/kitton/assets/images/cart/01.png]
[labartisan.net/demo/kitton/assets/images/cart/del.png]
[labartisan.net/demo/kitton/assets/images/cart/02.png]
[labartisan.net/demo/kitton/assets/images/cart/03.png]
[labartisan.net/demo/kitton/assets/images/cart/04.png]
[labartisan.net/demo/kitton/assets/images/cart/05.png]
[labartisan.net/demo/kitton/cart.html]
[labartisan.net/demo/kitton/faqs.html]
[labartisan.net/demo/kitton/assets/images/gallery/g1.jpg]
[labartisan.net/demo/kitton/assets/images/gallery/g2.jpg]
[labartisan.net/demo/kitton/assets/images/gallery/g3.jpg]
[labartisan.net/demo/kitton/assets/images/gallery/g4.jpg]
[labartisan.net/demo/kitton/assets/images/gallery/g5.jpg]
[labartisan.net/demo/kitton/assets/images/gallery/g6.jpg]
[labartisan.net/demo/kitton/assets/images/gallery/g7.jpg]
[labartisan.net/demo/kitton/assets/images/gallery/g8.jpg]
[labartisan.net/demo/kitton/gallery.html]
[labartisan.net/demo/kitton/assets/images/gallery/g9.jpg]
[labartisan.net/demo/kitton/assets/images/gallery/g10.jpg]
[labartisan.net/demo/kitton/assets/images/gallery/g11.jpg]
[labartisan.net/demo/kitton/assets/images/gallery/g12.jpg]
[labartisan.net/demo/kitton/assets/images/gallery/g13.jpg]
[labartisan.net/demo/kitton/assets/images/gallery/g14.jpg]
[labartisan.net/demo/kitton/assets/images/gallery/g15.jpg]
[labartisan.net/demo/kitton/assets/images/gallery/g16.jpg]
[labartisan.net/demo/kitton/assets/images/gallery/g17.jpg]
[labartisan.net/demo/kitton/gallery-2.html]
[labartisan.net/demo/kitton/assets/images/gallery/gl1.jpg]
[labartisan.net/demo/kitton/assets/images/gallery/gl2.jpg]
[labartisan.net/demo/kitton/assets/images/gallery/gl3.jpg]
[labartisan.net/demo/kitton/assets/images/gallery/gl4.jpg]
[labartisan.net/demo/kitton/assets/images/gallery/gl5.jpg]
[labartisan.net/demo/kitton/assets/images/gallery/gl6.jpg]
[labartisan.net/demo/kitton/assets/images/gallery/gl7.jpg]
[labartisan.net/demo/kitton/assets/images/gallery/gl8.jpg]
[labartisan.net/demo/kitton/assets/images/gallery/gl9.jpg]
[labartisan.net/demo/kitton/gallery-3.html]
[labartisan.net/demo/kitton/assets/images/error/error-bg.jpg]
[labartisan.net/demo/kitton/assets/images/error/logo.png]
[labartisan.net/demo/kitton/coming-soon.html]
[labartisan.net/demo/kitton/assets/images/error/404.png]
[labartisan.net/demo/kitton/error-page.html]
[labartisan.net/demo/kitton/assets/js/contact.js]
[labartisan.net/demo/kitton/contact.html]
[labartisan.net/demo/kitton/assets/webfonts/fa-brands-400.svg]
[labartisan.net/demo/kitton/assets/webfonts/fa-regular-400.svg]
[labartisan.net/demo/kitton/assets/webfonts/fa-solid-900.svg]
[labartisan.net/demo/kitton/assets/css/fonts/slick.html]
[labartisan.net/demo/kitton/assets/css/fonts/slickd41d.html]
[labartisan.net/demo/kitton/assets/css/fonts/slick-2.html]
[labartisan.net/demo/kitton/assets/css/fonts/slick-3.html]
[labartisan.net/demo/kitton/assets/css/fonts/slick-4.html]
[labartisan.net/demo/kitton/assets/css/Flaticon.svg]
